Source port number: 2221
[3J[H[2J┏━━━━━━━━━━━━━━━━━━━━━━━━━━━━━━━━━━━━━━━━┓
┃CZ4031 Distributed System Main Menu     ┃
┣━━━━┳━━━━━━━━━━━━━━━━━━━━━━━━━━━━━━━━━━━┫
┃1.  ┃Fetch File                         ┃
┣━━━━╋━━━━━━━━━━━━━━━━━━━━━━━━━━━━━━━━━━━┫
┃2.  ┃Read File                          ┃
┣━━━━╋━━━━━━━━━━━━━━━━━━━━━━━━━━━━━━━━━━━┫
┃3.  ┃Write File                         ┃
┣━━━━╋━━━━━━━━━━━━━━━━━━━━━━━━━━━━━━━━━━━┫
┃4.  ┃Clear Content in File              ┃
┣━━━━╋━━━━━━━━━━━━━━━━━━━━━━━━━━━━━━━━━━━┫
┃5.  ┃Remove File in Cache               ┃
┣━━━━╋━━━━━━━━━━━━━━━━━━━━━━━━━━━━━━━━━━━┫
┃6.  ┃Clear Cache                        ┃
┣━━━━╋━━━━━━━━━━━━━━━━━━━━━━━━━━━━━━━━━━━┫
┃7.  ┃Settings                           ┃
┣━━━━╋━━━━━━━━━━━━━━━━━━━━━━━━━━━━━━━━━━━┫
┃8.  ┃Exit Program                       ┃
┗━━━━┻━━━━━━━━━━━━━━━━━━━━━━━━━━━━━━━━━━━┛
